stm32l152_eval_lcd.c:120:6:STM32L152_LCD_DeInit	16	static
stm32l152_eval_lcd.c:158:6:LCD_Setup	8	static
stm32l152_eval_lcd.c:395:6:STM32L152_LCD_Init	16	static
stm32l152_eval_lcd.c:431:6:LCD_SetColors	16	static
stm32l152_eval_lcd.c:445:6:LCD_GetColors	16	static
stm32l152_eval_lcd.c:455:6:LCD_SetTextColor	16	static
stm32l152_eval_lcd.c:466:6:LCD_SetBackColor	16	static
stm32l152_eval_lcd.c:476:6:LCD_SetFont	16	static
stm32l152_eval_lcd.c:486:8:LCD_GetFont	4	static
stm32l152_eval_lcd.c:498:6:LCD_ClearLine	24	static
stm32l152_eval_lcd.c:518:6:LCD_Clear	24	static
stm32l152_eval_lcd.c:542:6:LCD_SetCursor	16	static
stm32l152_eval_lcd.c:556:6:LCD_DrawChar	32	static
stm32l152_eval_lcd.c:599:6:LCD_DisplayChar	16	static
stm32l152_eval_lcd.c:614:6:LCD_DisplayStringLine	24	static
stm32l152_eval_lcd.c:639:6:LCD_SetDisplayWindow	24	static
stm32l152_eval_lcd.c:673:6:LCD_WindowModeDisable	8	static
stm32l152_eval_lcd.c:688:6:LCD_DrawLine	32	static
stm32l152_eval_lcd.c:724:6:LCD_DrawRect	24	static
stm32l152_eval_lcd.c:741:6:LCD_DrawCircle	32	static
stm32l152_eval_lcd.c:795:6:LCD_DrawMonoPict	24	static
stm32l152_eval_lcd.c:889:6:LCD_DrawFullRect	24	static
stm32l152_eval_lcd.c:920:6:LCD_DrawFullCircle	32	static
stm32l152_eval_lcd.c:970:6:LCD_DrawUniLine	56	static
stm32l152_eval_lcd.c:1043:6:LCD_PolyLine	24	static
stm32l152_eval_lcd.c:1069:13:LCD_PolyLineRelativeClosed	32	static
stm32l152_eval_lcd.c:1099:6:LCD_ClosedPolyLine	24	static
stm32l152_eval_lcd.c:1111:6:LCD_PolyLineRelative	16	static
stm32l152_eval_lcd.c:1122:6:LCD_ClosedPolyLineRelative	16	static
stm32l152_eval_lcd.c:1134:6:LCD_FillPolyLine	448	static
stm32l152_eval_lcd.c:1241:6:LCD_nCS_StartByte	16	static
stm32l152_eval_lcd.c:1258:6:LCD_WriteRegIndex	16	static
stm32l152_eval_lcd.c:1286:6:LCD_WriteReg	16	static
stm32l152_eval_lcd.c:1316:10:LCD_ReadReg	32	static
stm32l152_eval_lcd.c:1382:6:LCD_WriteRAM_Prepare	8	static
stm32l152_eval_lcd.c:1396:6:LCD_WriteRAMWord	16	static
stm32l152_eval_lcd.c:1410:6:LCD_WriteRAM	16	static
stm32l152_eval_lcd.c:1428:6:LCD_PowerOn	8	static
stm32l152_eval_lcd.c:1453:6:LCD_DisplayOn	8	static
stm32l152_eval_lcd.c:1465:6:LCD_DisplayOff	8	static
stm32l152_eval_lcd.c:1477:6:LCD_CtrlLinesConfig	16	static
stm32l152_eval_lcd.c:1509:6:LCD_CtrlLinesWrite	16	static
stm32l152_eval_lcd.c:1521:6:LCD_SPIConfig	40	static
stm32l152_eval_lcd.c:1581:13:PutPixel	16	static
stm32l152_eval_lcd.c:1596:13:delay	24	static
