stm32l1xx_spi.c:148:6:SPI_I2S_DeInit	16	static
stm32l1xx_spi.c:187:6:SPI_Init	24	static
stm32l1xx_spi.c:247:6:I2S_Init	56	static
stm32l1xx_spi.c:348:6:SPI_StructInit	16	static
stm32l1xx_spi.c:376:6:I2S_StructInit	16	static
stm32l1xx_spi.c:405:6:SPI_Cmd	16	static
stm32l1xx_spi.c:429:6:I2S_Cmd	16	static
stm32l1xx_spi.c:456:6:SPI_DataSizeConfig	16	static
stm32l1xx_spi.c:476:6:SPI_BiDirectionalLineConfig	16	static
stm32l1xx_spi.c:502:6:SPI_NSSInternalSoftwareConfig	16	static
stm32l1xx_spi.c:526:6:SPI_SSOutputCmd	16	static
stm32l1xx_spi.c:574:10:SPI_I2S_ReceiveData	16	static
stm32l1xx_spi.c:590:6:SPI_I2S_SendData	16	static
stm32l1xx_spi.c:670:6:SPI_CalculateCRC	16	static
stm32l1xx_spi.c:692:6:SPI_TransmitCRC	16	static
stm32l1xx_spi.c:710:10:SPI_GetCRC	24	static
stm32l1xx_spi.c:735:10:SPI_GetCRCPolynomial	16	static
stm32l1xx_spi.c:772:6:SPI_I2S_DMACmd	16	static
stm32l1xx_spi.c:880:6:SPI_I2S_ITConfig	24	static
stm32l1xx_spi.c:925:12:SPI_I2S_GetFlagStatus	24	static
stm32l1xx_spi.c:965:6:SPI_I2S_ClearFlag	16	static
stm32l1xx_spi.c:991:10:SPI_I2S_GetITStatus	24	static
stm32l1xx_spi.c:1046:6:SPI_I2S_ClearITPendingBit	24	static
