stm32l1xx_aes.c:115:6:AES_DeInit	8	static
stm32l1xx_aes.c:135:6:AES_Init	24	static
stm32l1xx_aes.c:165:6:AES_KeyInit	16	static
stm32l1xx_aes.c:184:6:AES_IVInit	16	static
stm32l1xx_aes.c:199:6:AES_Cmd	16	static
stm32l1xx_aes.c:238:6:AES_StructInit	16	static
stm32l1xx_aes.c:251:6:AES_KeyStructInit	16	static
stm32l1xx_aes.c:265:6:AES_IVStructInit	16	static
stm32l1xx_aes.c:298:6:AES_WriteSubData	16	static
stm32l1xx_aes.c:311:10:AES_ReadSubData	4	static
stm32l1xx_aes.c:327:6:AES_ReadKey	16	static
stm32l1xx_aes.c:348:6:AES_ReadIV	16	static
stm32l1xx_aes.c:384:6:AES_DMAConfig	16	static
stm32l1xx_aes.c:430:6:AES_ITConfig	16	static
stm32l1xx_aes.c:458:12:AES_GetFlagStatus	24	static
stm32l1xx_aes.c:490:6:AES_ClearFlag	16	static
stm32l1xx_aes.c:516:10:AES_GetITStatus	32	static
stm32l1xx_aes.c:578:6:AES_ClearITPendingBit	16	static
