stm32l1xx_flash.c:186:6:FLASH_SetLatency	24	static
stm32l1xx_flash.c:210:6:FLASH_PrefetchBufferCmd	16	static
stm32l1xx_flash.c:237:6:FLASH_ReadAccess64Cmd	16	static
stm32l1xx_flash.c:259:6:FLASH_SLEEPPowerDownCmd	16	static
stm32l1xx_flash.c:310:6:FLASH_Unlock	8	static
stm32l1xx_flash.c:328:6:FLASH_Lock	4	static
stm32l1xx_flash.c:346:14:FLASH_ErasePage	24	static
stm32l1xx_flash.c:391:14:FLASH_FastProgramWord	24	static
stm32l1xx_flash.c:455:6:DATA_EEPROM_Unlock	4	static
stm32l1xx_flash.c:470:6:DATA_EEPROM_Lock	4	static
stm32l1xx_flash.c:482:6:DATA_EEPROM_FixedTimeProgramCmd	16	static
stm32l1xx_flash.c:510:14:DATA_EEPROM_EraseByte	24	static
stm32l1xx_flash.c:543:14:DATA_EEPROM_EraseHalfWord	24	static
stm32l1xx_flash.c:576:14:DATA_EEPROM_EraseWord	24	static
stm32l1xx_flash.c:609:14:DATA_EEPROM_FastProgramByte	32	static
stm32l1xx_flash.c:670:14:DATA_EEPROM_FastProgramHalfWord	32	static
stm32l1xx_flash.c:739:14:DATA_EEPROM_FastProgramWord	24	static
stm32l1xx_flash.c:778:14:DATA_EEPROM_ProgramByte	32	static
stm32l1xx_flash.c:836:14:DATA_EEPROM_ProgramHalfWord	32	static
stm32l1xx_flash.c:901:14:DATA_EEPROM_ProgramWord	24	static
stm32l1xx_flash.c:977:6:FLASH_OB_Unlock	8	static
stm32l1xx_flash.c:995:6:FLASH_OB_Lock	4	static
stm32l1xx_flash.c:1006:6:FLASH_OB_Launch	4	static
stm32l1xx_flash.c:1027:14:FLASH_OB_WRPConfig	40	static
stm32l1xx_flash.c:1090:14:FLASH_OB_WRP1Config	40	static
stm32l1xx_flash.c:1152:14:FLASH_OB_WRP2Config	40	static
stm32l1xx_flash.c:1212:14:FLASH_OB_RDPConfig	24	static
stm32l1xx_flash.c:1260:14:FLASH_OB_UserConfig	32	static
stm32l1xx_flash.c:1311:14:FLASH_OB_BORConfig	32	static
stm32l1xx_flash.c:1364:14:FLASH_OB_BootConfig	32	static
stm32l1xx_flash.c:1400:9:FLASH_OB_GetUser	4	static
stm32l1xx_flash.c:1411:10:FLASH_OB_GetWRP	4	static
stm32l1xx_flash.c:1424:10:FLASH_OB_GetWRP1	4	static
stm32l1xx_flash.c:1436:10:FLASH_OB_GetWRP2	4	static
stm32l1xx_flash.c:1447:12:FLASH_OB_GetRDP	16	static
stm32l1xx_flash.c:1467:9:FLASH_OB_GetBOR	4	static
stm32l1xx_flash.c:1498:6:FLASH_ITConfig	16	static
stm32l1xx_flash.c:1531:12:FLASH_GetFlagStatus	24	static
stm32l1xx_flash.c:1562:6:FLASH_ClearFlag	16	static
stm32l1xx_flash.c:1577:14:FLASH_GetStatus	16	static
stm32l1xx_flash.c:1614:14:FLASH_WaitForLastOperation	24	static
