stm32l1xx_lcd.c:159:6:LCD_DeInit	8	static
stm32l1xx_lcd.c:175:6:LCD_Init	16	static
stm32l1xx_lcd.c:201:6:LCD_StructInit	16	static
stm32l1xx_lcd.c:221:6:LCD_Cmd	16	static
stm32l1xx_lcd.c:237:6:LCD_WaitForSynchro	4	static
stm32l1xx_lcd.c:256:6:LCD_HighDriveCmd	16	static
stm32l1xx_lcd.c:271:6:LCD_MuxSegmentCmd	16	static
stm32l1xx_lcd.c:294:6:LCD_PulseOnDurationConfig	16	static
stm32l1xx_lcd.c:317:6:LCD_DeadTimeConfig	16	static
stm32l1xx_lcd.c:348:6:LCD_BlinkConfig	16	static
stm32l1xx_lcd.c:372:6:LCD_ContrastConfig	16	static
stm32l1xx_lcd.c:444:6:LCD_Write	16	static
stm32l1xx_lcd.c:467:6:LCD_UpdateDisplayRequest	4	static
stm32l1xx_lcd.c:498:6:LCD_ITConfig	16	static
stm32l1xx_lcd.c:534:12:LCD_GetFlagStatus	24	static
stm32l1xx_lcd.c:560:6:LCD_ClearFlag	16	static
stm32l1xx_lcd.c:580:10:LCD_GetITStatus	24	static
stm32l1xx_lcd.c:615:6:LCD_ClearITPendingBit	16	static
